 *******************************************************************************
 ** Site#: 2577            For non-commercial use only         Version 8.032L **
 *******************************************************************************
 ** Cite this work as: MOPAC2007, James J. P. Stewart, Stewart Computational  **
 ** Chemistry, Version 8.032L web: HTTP://OpenMOPAC.net                       **
 *******************************************************************************
 **                                                                           **
 **                                MOPAC2007                                  **
 **                                                                           **
 *******************************************************************************

                            PM6 CALCULATION RESULTS


 *******************************************************************************
 *  CALCULATION DONE:                                Fri Mar  7 13:08:38 2008  *
 *  SYMMETRY - SYMMETRY CONDITIONS TO BE IMPOSED
 *  T=       - A TIME OF 172800.0 SECONDS REQUESTED
 *  DUMP=N   - RESTART FILE WRITTEN EVERY  7200.000 SECONDS
 *******************************************************************************



     PARAMETER DEPENDENCE DATA

        REFERENCE ATOM      FUNCTION NO.    DEPENDENT ATOM(S)
            3                  1               4
            3                  2               4

             DESCRIPTIONS OF THE FUNCTIONS USED

   1      BOND LENGTH    IS SET EQUAL TO THE REFERENCE BOND LENGTH   
   2      BOND ANGLE     IS SET EQUAL TO THE REFERENCE BOND ANGLE    
 SYMMETRY
 Formaldehyde

  ATOM  CHEMICAL   BOND LENGTH    BOND ANGLE    TWIST ANGLE 
 NUMBER  SYMBOL    (ANGSTROMS)    (DEGREES)     (DEGREES) 
   (I)              NA:I          NB:NA:I       NC:NB:NA:I       NA    NB    NC 
     1       O          0.0000000       0.000000       0.000000   
     2       C          1.2108153  *    0.000000       0.000000        1     0     0
     3       H          1.0974996  *  122.023501  *    0.000000        2     1     0
     4       H          1.0974996     122.023501     180.000000        2     1     3



          CARTESIAN COORDINATES 

    NO.       ATOM         X         Y         Z

     1         O        0.0000    0.0000    0.0000
     2         C        1.2108    0.0000    0.0000
     3         H        1.7928    0.9305    0.0000
     4         H        1.7928   -0.9305    0.0000

                    Reference for PM6
 "Optimization of Parameters for Semiempirical Methods V: Modification of NDDO Approximations
 and Application to 70 Elements", J. J. P. Stewart, J. Mol. Mod., 13, 1173-1213 (2007)
 URL: http://www.springerlink.com/content/ar33482301010477/fulltext.pdf

           Empirical Formula: C H2 O



      MOLECULAR POINT GROUP   :   C2v 


      RHF CALCULATION, NO. OF DOUBLY OCCUPIED LEVELS =    6

      Geometry optimization using EF

 -------------------------------------------------------------------------------
 SYMMETRY
 Formaldehyde



     GRADIENTS WERE INITIALLY ACCEPTABLY SMALL                
     SCF FIELD WAS ACHIEVED                                   


                               PM6     CALCULATION
                                                       MOPAC2007 (Version: 8.032L)
                                                       Fri Mar  7 13:08:38 2008




          FINAL HEAT OF FORMATION =        -20.69775 KCAL =     -86.59937 KJ


          TOTAL ENERGY            =       -440.23219 EV
          ELECTRONIC ENERGY       =       -825.76440 EV  POINT GROUP:     C2v 
          CORE-CORE REPULSION     =        385.53221 EV
          COSMO AREA              =         60.76 SQUARE ANGSTROMS
          COSMO VOLUME            =         42.60 CUBIC ANGSTROMS

          IONIZATION POTENTIAL    =         10.20363
          NO. OF FILLED LEVELS    =          6
          MOLECULAR WEIGHT        =         30.026

          MOLECULAR DIMENSIONS (Angstroms)

            Atom       Atom       Distance
            H     3    O     1     2.01987
            H     4    O     1     1.65176
            O     1    C     2     0.00000


          SCF CALCULATIONS        =          1
          COMPUTATION TIME        =          0.012 SECONDS




  ATOM  CHEMICAL   BOND LENGTH    BOND ANGLE    TWIST ANGLE 
 NUMBER  SYMBOL    (ANGSTROMS)    (DEGREES)     (DEGREES) 
   (I)              NA:I          NB:NA:I       NC:NB:NA:I       NA    NB    NC 
     1       O          0.0000000       0.000000       0.000000   
     2       C          1.2108153  *    0.000000       0.000000        1     0     0
     3       H          1.0974996  *  122.023501  *    0.000000        2     1     0
     4       H          1.0974996     122.023501     180.000000        2     1     3

           Empirical Formula: C H2 O



      MOLECULAR POINT GROUP   :   C2v 


                  EIGENVALUES

 -32.00372 -23.55732 -17.17527 -15.14025 -14.75913 -10.20363   0.03208   4.08556
   4.45994   4.74270


              NET ATOMIC CHARGES AND DIPOLE CONTRIBUTIONS

  ATOM NO.   TYPE          CHARGE      No. of ELECS.   s-Pop       p-Pop       
    1          O          -0.422510        6.4225     1.85390     4.56861
    2          C           0.236385        3.7636     1.14506     2.61855
    3          H           0.093063        0.9069     0.90694
    4          H           0.093063        0.9069     0.90694
 DIPOLE           X         Y         Z       TOTAL
 POINT-CHG.     2.978    -0.000     0.000     2.978
 HYBRID        -0.160    -0.000    -0.000     0.160
 SUM            2.818    -0.000     0.000     2.818


          CARTESIAN COORDINATES 

    NO.       ATOM               X         Y         Z

     1         O                  0.0000    0.0000    0.0000
     2         C                  1.2108    0.0000    0.0000
     3         H                  1.7928    0.9305    0.0000
     4         H                  1.7928   -0.9305    0.0000


          ATOMIC ORBITAL ELECTRON POPULATIONS

   1.85390   1.29031   1.93516   1.34314   1.14506   0.89773   1.06397   0.65686
   0.90694   0.90694



 TOTAL CPU TIME:             0.05 SECONDS

 == MOPAC DONE ==
